******************************************************************************
                  TI ARM Linker PC v20.2.7                     
******************************************************************************
>> Linked Tue Feb  4 15:12:51 2025

OUTPUT FILE NAME:   <Lab2.out>
ENTRY POINT SYMBOL: "_c_int00_noargs"  address: 00003cc5


MEMORY CONFIGURATION

         name            origin    length      used     unused   attr    fill
----------------------  --------  ---------  --------  --------  ----  --------
  FLASH                 00000000   00040000  000040bc  0003bf44  R  X
  SRAM                  20000000   00008000  00002601  000059ff  RW X


SEGMENT ALLOCATION MAP

run origin  load origin   length   init length attrs members
----------  ----------- ---------- ----------- ----- -------
00000000    00000000    000040c0   000040c0    r-x
  00000000    00000000    0000026c   0000026c    r-- .intvecs
  0000026c    0000026c    00003c90   00003c90    r-x .text
  00003efc    00003efc    00000118   00000118    r-- .const
  00004018    00004018    000000a8   000000a8    r-- .cinit
20000000    20000000    00002608   00000000    rw-
  20000000    20000000    0000026c   00000000    rw- .vtable
  20000270    20000270    00001000   00000000    rw- .stack
  20001270    20001270    00001000   00000000    rw- .sysmem
  20002270    20002270    000001fd   00000000    rw- .data
  20002470    20002470    00000198   00000000    rw- .bss


SECTION ALLOCATION MAP

 output                                  attributes/
section   page    origin      length       input sections
--------  ----  ----------  ----------   ----------------
.intvecs   0    00000000    0000026c     
                  00000000    0000026c     tm4c123gh6pm_startup_ccs.obj (.intvecs)

.text      0    0000026c    00003c90     
                  0000026c    00000c20     open_interface.obj (.text)
                  00000e8c    00000a4e     rtsv7M4_T_le_v4SPD16_eabi.lib : _printfi.c.obj (.text:__TI_printfi)
                  000018da    00000002                                   : _lock.c.obj (.text:_nop)
                  000018dc    00000404     lcd.obj (.text)
                  00001ce0    000003c0     movement.obj (.text)
                  000020a0    00000270     rtsv7M4_T_le_v4SPD16_eabi.lib : _printfi.c.obj (.text:_pconv_a)
                  00002310    00000248     Timer.obj (.text)
                  00002558    000001d0     rtsv7M4_T_le_v4SPD16_eabi.lib : _printfi.c.obj (.text:_pconv_g)
                  00002728    000001b6                                   : fd_add_t2.asm.obj (.text)
                  000028de    00000002                                   : div0.asm.obj (.text)
                  000028e0    0000013c                                   : _printfi.c.obj (.text:_pconv_e)
                  00002a1c    00000136                                   : fd_div_t2.asm.obj (.text)
                  00002b52    00000002     --HOLE-- [fill = 0]
                  00002b54    00000124                                   : _printfi.c.obj (.text:fcvt)
                  00002c78    00000110                                   : s_scalbn.c.obj (.text:scalbn)
                  00002d88    00000100                                   : memory.c.obj (.text:aligned_alloc)
                  00002e88    000000fc                                   : fd_mul_t2.asm.obj (.text)
                  00002f84    000000e4                                   : memory.c.obj (.text:free)
                  00003068    000000b1                                   : _printfi.c.obj (.text:_ltostr)
                  00003119    00000001     --HOLE-- [fill = 0]
                  0000311a    0000009c                                   : memcpy_t2.asm.obj (.text)
                  000031b6    00000096                                   : ull_div_t2.asm.obj (.text)
                  0000324c    00000086                                   : fd_cmp_t2.asm.obj (.text:__aeabi_cdcmple)
                  000032d2    00000086                                   : fd_cmp_t2.asm.obj (.text:__aeabi_cdrcmple)
                  00003358    0000007c                                   : fflush.c.obj (.text:fflush)
                  000033d4    0000007a                                   : memset_t2.asm.obj (.text)
                  0000344e    00000002     --HOLE-- [fill = 0]
                  00003450    00000070                                   : memory.c.obj (.text:split)
                  000034c0    0000006e                                   : _printfi.c.obj (.text:_mcpy)
                  0000352e    0000006e                                   : fd_tos_t2.asm.obj (.text)
                  0000359c    0000006c                                   : hostrename.c.obj (.text:HOSTrename)
                  00003608    00000068                                   : hostlseek.c.obj (.text:HOSTlseek)
                  00003670    00000068                                   : copy_decompress_lzss.c.obj (.text:decompress:lzss:__TI_decompress_lzss)
                  000036d8    00000064                                   : s_frexp.c.obj (.text:frexp)
                  0000373c    00000060                                   : hostopen.c.obj (.text:HOSTopen)
                  0000379c    00000058                                   : hostread.c.obj (.text:HOSTread)
                  000037f4    00000058                                   : hostwrite.c.obj (.text:HOSTwrite)
                  0000384c    00000056                                   : _printfi.c.obj (.text:_pconv_f)
                  000038a2    00000054                                   : _ltoa.c.obj (.text:__TI_ltoa)
                  000038f6    00000052                                   : _printfi.c.obj (.text:_ecpy)
                  00003948    0000004c                                   : fflush.c.obj (.text:__TI_doflush)
                  00003994    0000004c                                   : atoi.c.obj (.text:atoi)
                  000039e0    00000048                                   : fd_toi_t2.asm.obj (.text)
                  00003a28    00000044                                   : hostclose.c.obj (.text:HOSTclose)
                  00003a6c    00000044                                   : hostunlink.c.obj (.text:HOSTunlink)
                  00003ab0    00000044                                   : autoinit.c.obj (.text:__TI_auto_init_nobinit_nopinit:__TI_auto_init_nobinit_nopinit)
                  00003af4    00000040     main.obj (.text)
                  00003b34    00000040     rtsv7M4_T_le_v4SPD16_eabi.lib : vsnprintf.c.obj (.text:vsnprintf)
                  00003b74    0000003e                                   : _printfi.c.obj (.text:_fcpy)
                  00003bb2    00000002     --HOLE-- [fill = 0]
                  00003bb4    00000038                                   : trgmsg.c.obj (.text:__TI_writemsg)
                  00003bec    00000038                                   : memory.c.obj (.text:calloc)
                  00003c24    00000038                                   : fs_tod_t2.asm.obj (.text)
                  00003c5c    00000034     driverlib.lib : interrupt.obj (.text:IntRegister)
                  00003c90    00000034     rtsv7M4_T_le_v4SPD16_eabi.lib : trgmsg.c.obj (.text:__TI_readmsg)
                  00003cc4    00000034                                   : boot_cortex_m.c.obj (.text:_c_int00_noargs:_c_int00_noargs)
                  00003cf8    00000030                                   : vsnprintf.c.obj (.text:_outs)
                  00003d28    0000002e                                   : i_tofd_t2.asm.obj (.text)
                  00003d56    00000002     --HOLE-- [fill = 0]
                  00003d58    00000028                                   : memory.c.obj (.text:free_list_insert)
                  00003d80    00000028                                   : write.c.obj (.text:write)
                  00003da8    0000001c                                   : memory.c.obj (.text:free_list_remove)
                  00003dc4    0000001c                                   : memccpy.c.obj (.text:memccpy)
                  00003de0    0000001a                                   : s_copysign.c.obj (.text:copysign)
                  00003dfa    00000018                                   : vsnprintf.c.obj (.text:_outc)
                  00003e12    00000018     open_interface.obj (.text:oi_parseInt)
                  00003e2a    00000018     rtsv7M4_T_le_v4SPD16_eabi.lib : strcmp.c.obj (.text:strcmp)
                  00003e42    00000016                                   : strchr.c.obj (.text:strchr)
                  00003e58    00000014                                   : strcpy.c.obj (.text:strcpy)
                  00003e6c    00000014                                   : strlen.c.obj (.text:strlen)
                  00003e80    00000012                                   : wcslen.c.obj (.text:wcslen)
                  00003e92    00000010     driverlib.lib : interrupt.obj (.text:IntMasterEnable)
                  00003ea2    00000010     lcd.obj (.text:lcd_clear)
                  00003eb2    0000000e     rtsv7M4_T_le_v4SPD16_eabi.lib : copy_decompress_none.c.obj (.text:decompress:none:__TI_decompress_none)
                  00003ec0    0000000c     driverlib.lib : cpu.obj (.text:CPUcpsie)
                  00003ecc    0000000c     rtsv7M4_T_le_v4SPD16_eabi.lib : copy_zero_init.c.obj (.text:decompress:ZI:__TI_zero_init)
                  00003ed8    0000000c     tm4c123gh6pm_startup_ccs.obj (.text)
                  00003ee4    00000008     rtsv7M4_T_le_v4SPD16_eabi.lib : errno.c.obj (.text:__aeabi_errno_addr)
                  00003eec    00000008                                   : memory.c.obj (.text:malloc)
                  00003ef4    00000004                                   : pre_init.c.obj (.text:_system_pre_init)
                  00003ef8    00000004                                   : exit.c.obj (.text:abort:abort)

.const     0    00003efc    00000118     
                  00003efc    00000101     rtsv7M4_T_le_v4SPD16_eabi.lib : ctype.c.obj (.const:.string:_ctypes_)
                  00003ffd    0000000f     open_interface.obj (.const:.string:$P$T0$3)
                  0000400c    00000004     lcd.obj (.const:.string:lineAddress$1)
                  00004010    00000004     lcd.obj (.const:.string:lineAddresses$2)

.cinit     0    00004018    000000a8     
                  00004018    0000006d     (.cinit..data.load) [load image, compression = lzss]
                  00004085    00000003     --HOLE-- [fill = 0]
                  00004088    0000000c     (__TI_handler_table)
                  00004094    00000004     --HOLE-- [fill = 0]
                  00004098    00000008     (.cinit..bss.load) [load image, compression = zero_init]
                  000040a0    00000008     (.cinit..vtable.load) [load image, compression = zero_init]
                  000040a8    00000018     (__TI_cinit_table)

.init_array 
*          0    00000000    00000000     UNINITIALIZED

.vtable    0    20000000    0000026c     UNINITIALIZED
                  20000000    0000026c     driverlib.lib : interrupt.obj (.vtable)

.stack     0    20000270    00001000     UNINITIALIZED
                  20000270    00000004     rtsv7M4_T_le_v4SPD16_eabi.lib : boot_cortex_m.c.obj (.stack)
                  20000274    00000ffc     --HOLE--

.sysmem    0    20001270    00001000     UNINITIALIZED
                  20001270    00000010     rtsv7M4_T_le_v4SPD16_eabi.lib : memory.c.obj (.sysmem)
                  20001280    00000ff0     --HOLE--

.data      0    20002270    000001fd     UNINITIALIZED
                  20002270    000000f0     rtsv7M4_T_le_v4SPD16_eabi.lib : defs.c.obj (.data:_ftable)
                  20002360    00000078                                   : host_device.c.obj (.data:_device)
                  200023d8    00000050                                   : host_device.c.obj (.data:_stream)
                  20002428    00000020     open_interface.obj (.data)
                  20002448    00000010     rtsv7M4_T_le_v4SPD16_eabi.lib : defs.c.obj (.data)
                  20002458    00000008                                   : _lock.c.obj (.data:$O1$$)
                  20002460    00000008                                   : memory.c.obj (.data:$O1$$)
                  20002468    00000004                                   : errno.c.obj (.data)
                  2000246c    00000001     Timer.obj (.data)

.bss       0    20002470    00000198     UNINITIALIZED
                  20002470    00000120     rtsv7M4_T_le_v4SPD16_eabi.lib : trgmsg.c.obj (.bss:_CIOBUF_)
                  20002590    00000054     lcd.obj (.bss:lastbuffer$3)
                  200025e4    00000018     open_interface.obj (.bss:firmware$2)
                  200025fc    00000008     (.common:parmbuf)
                  20002604    00000004     (.common:_timeout_ticks)

__llvm_prf_cnts 
*          0    20000000    00000000     UNINITIALIZED

MODULE SUMMARY

       Module                         code    ro data   rw data
       ------                         ----    -------   -------
    .\
       tm4c123gh6pm_startup_ccs.obj   12      620       0      
    +--+------------------------------+-------+---------+---------+
       Total:                         12      620       0      
                                                               
    .\Lab2 Code Files\
       open_interface.obj             3128    15        56     
       lcd.obj                        1044    8         84     
       movement.obj                   960     0         0      
       Timer.obj                      584     0         5      
       main.obj                       64      0         0      
    +--+------------------------------+-------+---------+---------+
       Total:                         5780    23        145    
                                                               
    C:/ti/TivaWare_C_Series-2.2.0.295/driverlib/ccs/Debug/driverlib.lib
       interrupt.obj                  68      0         620    
       cpu.obj                        12      0         0      
    +--+------------------------------+-------+---------+---------+
       Total:                         80      0         620    
                                                               
    C:\ti\ccs1271\ccs\tools\compiler\ti-cgt-arm_20.2.7.LTS\lib\rtsv7M4_T_le_v4SPD16_eabi.lib
       _printfi.c.obj                 4851    0         0      
       memory.c.obj                   728     0         8      
       fd_add_t2.asm.obj              438     0         0      
       trgmsg.c.obj                   108     0         288    
       fd_div_t2.asm.obj              310     0         0      
       s_scalbn.c.obj                 272     0         0      
       fd_cmp_t2.asm.obj              268     0         0      
       ctype.c.obj                    0       257       0      
       defs.c.obj                     0       0         256    
       fd_mul_t2.asm.obj              252     0         0      
       fflush.c.obj                   200     0         0      
       host_device.c.obj              0       0         200    
       memcpy_t2.asm.obj              156     0         0      
       ull_div_t2.asm.obj             150     0         0      
       vsnprintf.c.obj                136     0         0      
       memset_t2.asm.obj              122     0         0      
       fd_tos_t2.asm.obj              110     0         0      
       hostrename.c.obj               108     0         0      
       copy_decompress_lzss.c.obj     104     0         0      
       hostlseek.c.obj                104     0         0      
       hostopen.c.obj                 96      0         8      
       s_frexp.c.obj                  100     0         0      
       hostread.c.obj                 88      0         0      
       hostwrite.c.obj                88      0         0      
       _ltoa.c.obj                    84      0         0      
       atoi.c.obj                     76      0         0      
       fd_toi_t2.asm.obj              72      0         0      
       autoinit.c.obj                 68      0         0      
       hostclose.c.obj                68      0         0      
       hostunlink.c.obj               68      0         0      
       fs_tod_t2.asm.obj              56      0         0      
       boot_cortex_m.c.obj            52      0         0      
       i_tofd_t2.asm.obj              46      0         0      
       write.c.obj                    40      0         0      
       memccpy.c.obj                  28      0         0      
       s_copysign.c.obj               26      0         0      
       strcmp.c.obj                   24      0         0      
       strchr.c.obj                   22      0         0      
       strcpy.c.obj                   20      0         0      
       strlen.c.obj                   20      0         0      
       wcslen.c.obj                   18      0         0      
       copy_decompress_none.c.obj     14      0         0      
       copy_zero_init.c.obj           12      0         0      
       errno.c.obj                    8       0         4      
       _lock.c.obj                    2       0         8      
       exit.c.obj                     4       0         0      
       pre_init.c.obj                 4       0         0      
       div0.asm.obj                   2       0         0      
    +--+------------------------------+-------+---------+---------+
       Total:                         9623    257       772    
                                                               
       Heap:                          0       0         4096   
       Stack:                         0       0         4096   
       Linker Generated:              0       161       0      
    +--+------------------------------+-------+---------+---------+
       Grand Total:                   15495   1061      9729   


LINKER GENERATED COPY TABLES

__TI_cinit_table @ 000040a8 records: 3, size/record: 8, table size: 24
	.data: load addr=00004018, load size=0000006d bytes, run addr=20002270, run size=000001fd bytes, compression=lzss
	.bss: load addr=00004098, load size=00000008 bytes, run addr=20002470, run size=00000198 bytes, compression=zero_init
	.vtable: load addr=000040a0, load size=00000008 bytes, run addr=20000000, run size=0000026c bytes, compression=zero_init


LINKER GENERATED HANDLER TABLE

__TI_handler_table @ 00004088 records: 3, size/record: 4, table size: 12
	index: 0, handler: __TI_zero_init
	index: 1, handler: __TI_decompress_lzss
	index: 2, handler: __TI_decompress_none


GLOBAL SYMBOLS: SORTED ALPHABETICALLY BY Name 

address   name                          
-------   ----                          
00003ef9  C$$EXIT                       
00003be3  C$$IO$$                       
00003ec1  CPUcpsie                      
00000bc3  GPIOF_Handler                 
00003a29  HOSTclose                     
00003609  HOSTlseek                     
0000373d  HOSTopen                      
0000379d  HOSTread                      
0000359d  HOSTrename                    
00003a6d  HOSTunlink                    
000037f5  HOSTwrite                     
00003e93  IntMasterEnable               
00003c5d  IntRegister                   
00003ed9  ResetISR                      
20002470  __CIOBUF_                     
20001270  __STACK_END                   
00001000  __STACK_SIZE                  
20000470  __STACK_TOP                   
00001000  __SYSMEM_SIZE                 
000040a8  __TI_CINIT_Base               
000040c0  __TI_CINIT_Limit              
00004088  __TI_Handler_Table_Base       
00004094  __TI_Handler_Table_Limit      
00003ab1  __TI_auto_init_nobinit_nopinit
00003671  __TI_decompress_lzss          
00003eb3  __TI_decompress_none          
00003949  __TI_doflush                  
20002448  __TI_ft_end                   
000038a3  __TI_ltoa                     
ffffffff  __TI_pprof_out_hndl           
00000e8d  __TI_printfi                  
ffffffff  __TI_prof_data_size           
ffffffff  __TI_prof_data_start          
00003c91  __TI_readmsg                  
00000000  __TI_static_base__            
00003bb5  __TI_writemsg                 
00003ecd  __TI_zero_init                
0000324d  __aeabi_cdcmpeq               
0000324d  __aeabi_cdcmple               
000032d3  __aeabi_cdrcmple              
0000352f  __aeabi_d2f                   
000039e1  __aeabi_d2iz                  
00002733  __aeabi_dadd                  
00002a1d  __aeabi_ddiv                  
00002e89  __aeabi_dmul                  
00002729  __aeabi_dsub                  
00003ee5  __aeabi_errno_addr            
00003c25  __aeabi_f2d                   
00003d29  __aeabi_i2d                   
000028df  __aeabi_idiv0                 
000028df  __aeabi_ldiv0                 
000033d5  __aeabi_memclr                
000033d5  __aeabi_memclr4               
000033d5  __aeabi_memclr8               
0000311b  __aeabi_memcpy                
0000311b  __aeabi_memcpy4               
0000311b  __aeabi_memcpy8               
000033d7  __aeabi_memset                
000033d7  __aeabi_memset4               
000033d7  __aeabi_memset8               
20002454  __aeabi_stderr                
2000244c  __aeabi_stdin                 
20002450  __aeabi_stdout                
000031b7  __aeabi_uldivmod              
ffffffff  __binit__                     
ffffffff  __c_args__                    
UNDEFED   __mpu_init                    
20000270  __stack                       
20000000  __start___llvm_prf_cnts       
20000000  __stop___llvm_prf_cnts        
00003cc5  _c_int00_noargs               
00003efc  _ctypes_                      
20002360  _device                       
20002270  _ftable                       
20002458  _lock                         
000018db  _nop                          
2000246c  _running                      
200023d8  _stream                       
20001270  _sys_memory                   
UNDEFED   _system_post_cinit            
00003ef5  _system_pre_init              
20002604  _timeout_ticks                
2000245c  _unlock                       
00003ef9  abort                         
00002d89  aligned_alloc                 
00003995  atoi                          
ffffffff  binit                         
00003bed  calloc                        
00003de1  copysign                      
00003de1  copysignl                     
20002468  errno                         
00003359  fflush                        
00002f85  free                          
000036d9  frexp                         
000036d9  frexpl                        
20000000  g_pfnRAMVectors               
00000000  g_pfnVectors                  
0000097f  go_charge                     
00003ea3  lcd_clear                     
00001b87  lcd_gotoLine                  
00001919  lcd_init                      
00001c05  lcd_printf                    
000019d9  lcd_putc                      
00001a11  lcd_puts                      
000018dd  lcd_reverseNibble             
00001a2f  lcd_rotatingBanner            
00001b05  lcd_sendCommand               
00001b43  lcd_sendNibble                
00001baf  lcd_setCursorPos              
00002c79  ldexp                         
00002c79  ldexpl                        
00003af5  main                          
00003eed  malloc                        
00002d89  memalign                      
00003dc5  memccpy                       
0000311b  memcpy                        
000033dd  memset                        
20002428  motor_cal_factor_L            
2000242c  motor_cal_factor_R            
00001e93  move_backwards                
00001ce1  move_forward                  
0000026d  oi_alloc                      
00000aa9  oi_checkFirmware              
000002c7  oi_close                      
00000279  oi_free                       
00000ded  oi_getMotorCalibrationLeft    
00000e01  oi_getMotorCalibrationRight   
000002b1  oi_init                       
00000289  oi_init_noupdate              
00000915  oi_loadSong                   
00003e13  oi_parseInt                   
0000032b  oi_parsePacket                
0000096b  oi_play_song                  
0000084b  oi_setLeds                    
00000db1  oi_setMotorCalibration        
0000088f  oi_setWheels                  
00000b51  oi_shutoff_init               
0000098d  oi_uartInit                   
00000a31  oi_uartReceive                
00000a77  oi_uartSendBuff               
00000a15  oi_uartSendChar               
00000a59  oi_uartSendStr                
000002d9  oi_update                     
200025fc  parmbuf                       
00002c79  scalbn                        
00002c79  scalbnl                       
00003e43  strchr                        
00003e2b  strcmp                        
00003e59  strcpy                        
00003e6d  strlen                        
0000242f  timer_getMicros               
000023d7  timer_getMillis               
00002311  timer_init                    
000023b3  timer_pause                   
000023c5  timer_resume                  
00002389  timer_stop                    
00002489  timer_waitMicros              
000024bb  timer_waitMillis              
00001f1f  turn_left                     
00001fa5  turn_right                    
00003b35  vsnprintf                     
00003e81  wcslen                        
00003d81  write                         


GLOBAL SYMBOLS: SORTED BY Symbol Address 

address   name                          
-------   ----                          
00000000  __TI_static_base__            
00000000  g_pfnVectors                  
0000026d  oi_alloc                      
00000279  oi_free                       
00000289  oi_init_noupdate              
000002b1  oi_init                       
000002c7  oi_close                      
000002d9  oi_update                     
0000032b  oi_parsePacket                
0000084b  oi_setLeds                    
0000088f  oi_setWheels                  
00000915  oi_loadSong                   
0000096b  oi_play_song                  
0000097f  go_charge                     
0000098d  oi_uartInit                   
00000a15  oi_uartSendChar               
00000a31  oi_uartReceive                
00000a59  oi_uartSendStr                
00000a77  oi_uartSendBuff               
00000aa9  oi_checkFirmware              
00000b51  oi_shutoff_init               
00000bc3  GPIOF_Handler                 
00000db1  oi_setMotorCalibration        
00000ded  oi_getMotorCalibrationLeft    
00000e01  oi_getMotorCalibrationRight   
00000e8d  __TI_printfi                  
00001000  __STACK_SIZE                  
00001000  __SYSMEM_SIZE                 
000018db  _nop                          
000018dd  lcd_reverseNibble             
00001919  lcd_init                      
000019d9  lcd_putc                      
00001a11  lcd_puts                      
00001a2f  lcd_rotatingBanner            
00001b05  lcd_sendCommand               
00001b43  lcd_sendNibble                
00001b87  lcd_gotoLine                  
00001baf  lcd_setCursorPos              
00001c05  lcd_printf                    
00001ce1  move_forward                  
00001e93  move_backwards                
00001f1f  turn_left                     
00001fa5  turn_right                    
00002311  timer_init                    
00002389  timer_stop                    
000023b3  timer_pause                   
000023c5  timer_resume                  
000023d7  timer_getMillis               
0000242f  timer_getMicros               
00002489  timer_waitMicros              
000024bb  timer_waitMillis              
00002729  __aeabi_dsub                  
00002733  __aeabi_dadd                  
000028df  __aeabi_idiv0                 
000028df  __aeabi_ldiv0                 
00002a1d  __aeabi_ddiv                  
00002c79  ldexp                         
00002c79  ldexpl                        
00002c79  scalbn                        
00002c79  scalbnl                       
00002d89  aligned_alloc                 
00002d89  memalign                      
00002e89  __aeabi_dmul                  
00002f85  free                          
0000311b  __aeabi_memcpy                
0000311b  __aeabi_memcpy4               
0000311b  __aeabi_memcpy8               
0000311b  memcpy                        
000031b7  __aeabi_uldivmod              
0000324d  __aeabi_cdcmpeq               
0000324d  __aeabi_cdcmple               
000032d3  __aeabi_cdrcmple              
00003359  fflush                        
000033d5  __aeabi_memclr                
000033d5  __aeabi_memclr4               
000033d5  __aeabi_memclr8               
000033d7  __aeabi_memset                
000033d7  __aeabi_memset4               
000033d7  __aeabi_memset8               
000033dd  memset                        
0000352f  __aeabi_d2f                   
0000359d  HOSTrename                    
00003609  HOSTlseek                     
00003671  __TI_decompress_lzss          
000036d9  frexp                         
000036d9  frexpl                        
0000373d  HOSTopen                      
0000379d  HOSTread                      
000037f5  HOSTwrite                     
000038a3  __TI_ltoa                     
00003949  __TI_doflush                  
00003995  atoi                          
000039e1  __aeabi_d2iz                  
00003a29  HOSTclose                     
00003a6d  HOSTunlink                    
00003ab1  __TI_auto_init_nobinit_nopinit
00003af5  main                          
00003b35  vsnprintf                     
00003bb5  __TI_writemsg                 
00003be3  C$$IO$$                       
00003bed  calloc                        
00003c25  __aeabi_f2d                   
00003c5d  IntRegister                   
00003c91  __TI_readmsg                  
00003cc5  _c_int00_noargs               
00003d29  __aeabi_i2d                   
00003d81  write                         
00003dc5  memccpy                       
00003de1  copysign                      
00003de1  copysignl                     
00003e13  oi_parseInt                   
00003e2b  strcmp                        
00003e43  strchr                        
00003e59  strcpy                        
00003e6d  strlen                        
00003e81  wcslen                        
00003e93  IntMasterEnable               
00003ea3  lcd_clear                     
00003eb3  __TI_decompress_none          
00003ec1  CPUcpsie                      
00003ecd  __TI_zero_init                
00003ed9  ResetISR                      
00003ee5  __aeabi_errno_addr            
00003eed  malloc                        
00003ef5  _system_pre_init              
00003ef9  C$$EXIT                       
00003ef9  abort                         
00003efc  _ctypes_                      
00004088  __TI_Handler_Table_Base       
00004094  __TI_Handler_Table_Limit      
000040a8  __TI_CINIT_Base               
000040c0  __TI_CINIT_Limit              
20000000  __start___llvm_prf_cnts       
20000000  __stop___llvm_prf_cnts        
20000000  g_pfnRAMVectors               
20000270  __stack                       
20000470  __STACK_TOP                   
20001270  __STACK_END                   
20001270  _sys_memory                   
20002270  _ftable                       
20002360  _device                       
200023d8  _stream                       
20002428  motor_cal_factor_L            
2000242c  motor_cal_factor_R            
20002448  __TI_ft_end                   
2000244c  __aeabi_stdin                 
20002450  __aeabi_stdout                
20002454  __aeabi_stderr                
20002458  _lock                         
2000245c  _unlock                       
20002468  errno                         
2000246c  _running                      
20002470  __CIOBUF_                     
200025fc  parmbuf                       
20002604  _timeout_ticks                
ffffffff  __TI_pprof_out_hndl           
ffffffff  __TI_prof_data_size           
ffffffff  __TI_prof_data_start          
ffffffff  __binit__                     
ffffffff  __c_args__                    
ffffffff  binit                         
UNDEFED   __mpu_init                    
UNDEFED   _system_post_cinit            

[163 symbols]
